// Jest Snapshot v1, https://goo.gl/fbAQLP

exports[`should render correctly 1`] = `
<div>
  <div
    class="application-container"
  >
    <header>
      <div
        class="head-wrapper"
      >
        <div
          class="branding"
        >
          <a
            href="/"
          >
            <img
              alt="DEB logo"
              class="brand-image"
              src="/assets/logo_DEB.svg"
            />
          </a>
        </div>
      </div>
    </header>
    <main>
      <div
        class="title-block"
      >
        <h2
          class="title"
        >
          Quotes Overview for you
        </h2>
        <h3
          class="subtitle"
        >
          Choose and accept from the quotes below
        </h3>
      </div>
      <div
        class="container-lg rounded mb-10 "
      >
        <div
          class="accordion"
        >
          <div
            class="table-responsive rounded"
          >
            <table
              class="table mb-0"
            >
              <thead
                class="table-light"
              >
                <tr>
                  <th
                    scope="col"
                  />
                  <th
                    scope="col"
                  >
                    <button
                      class="table-sort"
                      type="button"
                    >
                      <div
                        class="d-flex"
                      >
                        Solution Name
                        <div
                          class="icon ascending"
                        />
                      </div>
                    </button>
                  </th>
                  <th
                    scope="col"
                  >
                    <button
                      class="table-sort"
                      type="button"
                    >
                      <div
                        class="d-flex"
                      >
                        Date created
                      </div>
                    </button>
                  </th>
                  <th
                    scope="col"
                  >
                    <button
                      class="table-sort"
                      type="button"
                    >
                      <div
                        class="d-flex"
                      >
                        Expiration date
                      </div>
                    </button>
                  </th>
                  <th
                    scope="col"
                  >
                    Total price
                  </th>
                  <th
                    scope="col"
                  />
                </tr>
              </thead>
              <tbody>
                <tr
                  class="accordion accordion-item"
                >
                  <td>
                    <input
                      name="CV19106"
                      type="checkbox"
                      value="CV19106"
                    />
                  </td>
                  <th
                    class="text-primary"
                    scope="row"
                  >
                    centralHeatingBoiler
                  </th>
                  <td>
                    21-6-2021
                  </td>
                  <td>
                    4-7-2021
                  </td>
                  <td>
                    € 1.975,22
                  </td>
                  <td>
                    <button
                      class="accordion-button collapsed"
                      type="button"
                    />
                  </td>
                </tr>
                <tr
                  class="details text-wrap"
                >
                  <td
                    class="p-0"
                    colspan="6"
                  >
                    <div
                      class="accordion-collapse collapse"
                    >
                      <div
                        class="px-3 py-3"
                      >
                        <div
                          class="row no-gutters"
                        >
                          <div
                            class="col-lg-6"
                          >
                            <h3
                              class="h4 mb-4"
                            >
                              Quote Details
                            </h3>
                            <dl
                              class="row no-gutters text-dark mb-10"
                            >
                              <dt
                                class="col-12"
                              >
                                Adviser Name
                              </dt>
                              <dd
                                class="col-12"
                              >
                                Laurens van Dusschoten
                              </dd>
                              <dt
                                class="col-12"
                              >
                                Reference code
                              </dt>
                              <dd
                                class="col-12"
                              >
                                CV19106
                              </dd>
                              <dt
                                class="col-12"
                              >
                                Investment
                              </dt>
                              <dd
                                class="col-12"
                              >
                                € 2.390,02
                              </dd>
                            </dl>
                          </div>
                          <div
                            class="col-lg-6"
                          >
                            <h3
                              class="h4 mb-4"
                            >
                              Product Details
                            </h3>
                            <dl
                              class="row no-gutters text-dark mb-10"
                            >
                              <dt
                                class="col-12"
                              >
                                Remeha Tzerra Ace CW5 CV ketel met A-label pomp
                                -
                                1
                              </dt>
                              <dd
                                class="col-12"
                              >
                                1645.98
                              </dd>
                              <dt
                                class="col-12"
                              >
                                Standaard arbeid CV ketel installatie
                                -
                                1
                              </dt>
                              <dd
                                class="col-12"
                              >
                                0
                              </dd>
                              <dt
                                class="col-12"
                              >
                                Remeha E-twist Rinie Frijns
                                -
                                1
                              </dt>
                              <dd
                                class="col-12"
                              >
                                135.45
                              </dd>
                              <dt
                                class="col-12"
                              >
                                Vernieuwen rookgasafvoer inclusief montage
                                -
                                1
                              </dt>
                              <dd
                                class="col-12"
                              >
                                193.79
                              </dd>
                            </dl>
                          </div>
                        </div>
                      </div>
                    </div>
                  </td>
                </tr>
                <tr
                  class="accordion accordion-item"
                >
                  <td>
                    <input
                      name="BO19107"
                      type="checkbox"
                      value="BO19107"
                    />
                  </td>
                  <th
                    class="text-primary"
                    scope="row"
                  >
                    crawlspaceInsulation
                  </th>
                  <td>
                    29-8-2021
                  </td>
                  <td>
                    13-9-2021
                  </td>
                  <td>
                    € 151,41
                  </td>
                  <td>
                    <button
                      class="accordion-button collapsed"
                      type="button"
                    />
                  </td>
                </tr>
                <tr
                  class="details text-wrap"
                >
                  <td
                    class="p-0"
                    colspan="6"
                  >
                    <div
                      class="accordion-collapse collapse"
                    >
                      <div
                        class="px-3 py-3"
                      >
                        <div
                          class="row no-gutters"
                        >
                          <div
                            class="col-lg-6"
                          >
                            <h3
                              class="h4 mb-4"
                            >
                              Quote Details
                            </h3>
                            <dl
                              class="row no-gutters text-dark mb-10"
                            >
                              <dt
                                class="col-12"
                              >
                                Adviser Name
                              </dt>
                              <dd
                                class="col-12"
                              >
                                Laurens van Dusschoten
                              </dd>
                              <dt
                                class="col-12"
                              >
                                Reference code
                              </dt>
                              <dd
                                class="col-12"
                              >
                                BO19107
                              </dd>
                              <dt
                                class="col-12"
                              >
                                Investment
                              </dt>
                              <dd
                                class="col-12"
                              >
                                € 1.620,91
                              </dd>
                            </dl>
                          </div>
                          <div
                            class="col-lg-6"
                          >
                            <h3
                              class="h4 mb-4"
                            >
                              Product Details
                            </h3>
                            <dl
                              class="row no-gutters text-dark mb-10"
                            >
                              <dt
                                class="col-12"
                              >
                                Bodemisolatie met 20-25cm isolatieparels
                                -
                                38
                              </dt>
                              <dd
                                class="col-12"
                              >
                                6.24
                              </dd>
                              <dt
                                class="col-12"
                              >
                                Aanbrengen bodemisolatie met 20-25cm isolatieparels
                                -
                                38
                              </dt>
                              <dd
                                class="col-12"
                              >
                                24.94
                              </dd>
                              <dt
                                class="col-12"
                              >
                                Toeslag SKG IKOB certificering
                                -
                                38
                              </dt>
                              <dd
                                class="col-12"
                              >
                                0.23
                              </dd>
                              <dt
                                class="col-12"
                              >
                                Toegang tot kruipruimte creëren 
                                -
                                2
                              </dt>
                              <dd
                                class="col-12"
                              >
                                120
                              </dd>
                            </dl>
                          </div>
                        </div>
                      </div>
                    </div>
                  </td>
                </tr>
                <tr
                  class="accordion accordion-item"
                >
                  <td>
                    <input
                      name="PV19103"
                      type="checkbox"
                      value="PV19103"
                    />
                  </td>
                  <th
                    class="text-primary"
                    scope="row"
                  >
                    solarPanels
                  </th>
                  <td>
                    21-6-2021
                  </td>
                  <td>
                    4-7-2021
                  </td>
                  <td>
                    € 2.507,51
                  </td>
                  <td>
                    <button
                      class="accordion-button collapsed"
                      type="button"
                    />
                  </td>
                </tr>
                <tr
                  class="details text-wrap"
                >
                  <td
                    class="p-0"
                    colspan="6"
                  >
                    <div
                      class="accordion-collapse collapse"
                    >
                      <div
                        class="px-3 py-3"
                      >
                        <div
                          class="row no-gutters"
                        >
                          <div
                            class="col-lg-6"
                          >
                            <h3
                              class="h4 mb-4"
                            >
                              Quote Details
                            </h3>
                            <dl
                              class="row no-gutters text-dark mb-10"
                            >
                              <dt
                                class="col-12"
                              >
                                Adviser Name
                              </dt>
                              <dd
                                class="col-12"
                              >
                                Laurens van Dusschoten
                              </dd>
                              <dt
                                class="col-12"
                              >
                                Reference code
                              </dt>
                              <dd
                                class="col-12"
                              >
                                PV19103
                              </dd>
                              <dt
                                class="col-12"
                              >
                                Investment
                              </dt>
                              <dd
                                class="col-12"
                              >
                                € 5.347,38
                              </dd>
                            </dl>
                          </div>
                          <div
                            class="col-lg-6"
                          >
                            <h3
                              class="h4 mb-4"
                            >
                              Product Details
                            </h3>
                            <dl
                              class="row no-gutters text-dark mb-10"
                            >
                              <dt
                                class="col-12"
                              >
                                Trina Solar - Vertex Mono 390 All Black 1/3 Cut PERC
                                -
                                12
                              </dt>
                              <dd
                                class="col-12"
                              >
                                145.2
                              </dd>
                              <dt
                                class="col-12"
                              >
                                SolarEdge SE3500H
                                -
                                1
                              </dt>
                              <dd
                                class="col-12"
                              >
                                948.09
                              </dd>
                              <dt
                                class="col-12"
                              >
                                SolarEdge P505
                                -
                                12
                              </dt>
                              <dd
                                class="col-12"
                              >
                                70.07
                              </dd>
                              <dt
                                class="col-12"
                              >
                                Montagemateriaal schuin dak
                                -
                                12
                              </dt>
                              <dd
                                class="col-12"
                              >
                                42.9
                              </dd>
                              <dt
                                class="col-12"
                              >
                                Installatiekosten voor 12 panelen
                                -
                                1
                              </dt>
                              <dd
                                class="col-12"
                              >
                                1251.25
                              </dd>
                              <dt
                                class="col-12"
                              >
                                BTW teruggave service
                                -
                                1
                              </dt>
                              <dd
                                class="col-12"
                              >
                                50
                              </dd>
                            </dl>
                          </div>
                        </div>
                      </div>
                    </div>
                  </td>
                </tr>
                <tr
                  class="accordion accordion-item"
                >
                  <td>
                    <input
                      name="SP19104"
                      type="checkbox"
                      value="SP19104"
                    />
                  </td>
                  <th
                    class="text-primary"
                    scope="row"
                  >
                    wallInsulation
                  </th>
                  <td>
                    21-6-2021
                  </td>
                  <td>
                    4-7-2021
                  </td>
                  <td>
                    € 60,23
                  </td>
                  <td>
                    <button
                      class="accordion-button collapsed"
                      type="button"
                    />
                  </td>
                </tr>
                <tr
                  class="details text-wrap"
                >
                  <td
                    class="p-0"
                    colspan="6"
                  >
                    <div
                      class="accordion-collapse collapse"
                    >
                      <div
                        class="px-3 py-3"
                      >
                        <div
                          class="row no-gutters"
                        >
                          <div
                            class="col-lg-6"
                          >
                            <h3
                              class="h4 mb-4"
                            >
                              Quote Details
                            </h3>
                            <dl
                              class="row no-gutters text-dark mb-10"
                            >
                              <dt
                                class="col-12"
                              >
                                Adviser Name
                              </dt>
                              <dd
                                class="col-12"
                              >
                                Laurens van Dusschoten
                              </dd>
                              <dt
                                class="col-12"
                              >
                                Reference code
                              </dt>
                              <dd
                                class="col-12"
                              >
                                SP19104
                              </dd>
                              <dt
                                class="col-12"
                              >
                                Investment
                              </dt>
                              <dd
                                class="col-12"
                              >
                                € 2.214,96
                              </dd>
                            </dl>
                          </div>
                          <div
                            class="col-lg-6"
                          >
                            <h3
                              class="h4 mb-4"
                            >
                              Product Details
                            </h3>
                            <dl
                              class="row no-gutters text-dark mb-10"
                            >
                              <dt
                                class="col-12"
                              >
                                Spouwmuurisolatie met 6cm HR++ isolatieparels
                                -
                                89
                              </dt>
                              <dd
                                class="col-12"
                              >
                                3.68
                              </dd>
                              <dt
                                class="col-12"
                              >
                                Aanbrengen spouwmuurisolatie met 6cm HR++ isolatieparels
                                -
                                89
                              </dt>
                              <dd
                                class="col-12"
                              >
                                14.72
                              </dd>
                              <dt
                                class="col-12"
                              >
                                Herstel van de snijvoeg
                                -
                                89
                              </dt>
                              <dd
                                class="col-12"
                              >
                                1.6
                              </dd>
                              <dt
                                class="col-12"
                              >
                                Toeslag Insula certificering
                                -
                                89
                              </dt>
                              <dd
                                class="col-12"
                              >
                                0.23
                              </dd>
                              <dt
                                class="col-12"
                              >
                                Plaatsen van kunststof ventilatierooster
                                -
                                4
                              </dt>
                              <dd
                                class="col-12"
                              >
                                40
                              </dd>
                            </dl>
                          </div>
                        </div>
                      </div>
                    </div>
                  </td>
                </tr>
              </tbody>
            </table>
          </div>
        </div>
        <div
          class="rounded-bottom border-top px-6 py-4"
        >
          <div
            class="row no-gutters ps-4"
          >
            <button
              class="btn"
              type="button"
            >
              <span
                class="btn-inner--text"
              >
                Accept Quotes
              </span>
            </button>
          </div>
        </div>
      </div>
    </main>
    <footer>
      <div
        class="container"
      >
        <div
          class="row "
        >
          <div
            class="col-sm-auto"
          >
            <ul
              class="nav flex-column flex-sm-row"
            >
              <li
                class="nav-item"
              >
                <a
                  class="nav-link"
                  href="#"
                  rel="noreferrer"
                  target="_blank"
                >
                  Privacy
                </a>
              </li>
              <li
                class="nav-item"
              >
                <a
                  class="nav-link"
                  href="#"
                  rel="noreferrer"
                  target="_blank"
                >
                  Cookies
                </a>
              </li>
              <li
                class="nav-item"
              >
                <a
                  class="nav-link"
                  href="https://www.energiebespaarders.nl/"
                  rel="noreferrer"
                  target="_blank"
                >
                  <div
                    data-label="footer.copyright"
                  >
                    © DEB
                  </div>
                </a>
              </li>
            </ul>
          </div>
        </div>
      </div>
    </footer>
  </div>
</div>
`;
